2026-08-30T18:32:05.6400119+02:00 Monitoring existing kernel mohameddtaieb/xai-compress-model-search-lr-0-0002
2026-08-30T18:32:07.6590986+02:00 mohameddtaieb/xai-compress-model-search-lr-0-0002 has status "KernelWorkerStatus.RUNNING"
2026-08-30T18:32:55.8957817+02:00 mohameddtaieb/xai-compress-model-search-lr-0-0002 has status "KernelWorkerStatus.RUNNING"
2026-08-30T18:33:43.7296052+02:00 mohameddtaieb/xai-compress-model-search-lr-0-0002 has status "KernelWorkerStatus.RUNNING"
2026-08-30T18:34:30.2096149+02:00 mohameddtaieb/xai-compress-model-search-lr-0-0002 has status "KernelWorkerStatus.RUNNING"
2026-08-30T18:35:19.2323188+02:00 mohameddtaieb/xai-compress-model-search-lr-0-0002 has status "KernelWorkerStatus.RUNNING"
2026-08-30T18:36:07.9480637+02:00 mohameddtaieb/xai-compress-model-search-lr-0-0002 has status "KernelWorkerStatus.RUNNING"
2026-08-30T18:36:56.8043988+02:00 mohameddtaieb/xai-compress-model-search-lr-0-0002 has status "KernelWorkerStatus.RUNNING"
2026-08-30T18:37:45.6300665+02:00 mohameddtaieb/xai-compress-model-search-lr-0-0002 has status "KernelWorkerStatus.RUNNING"
2026-08-30T18:38:32.5900555+02:00 mohameddtaieb/xai-compress-model-search-lr-0-0002 has status "KernelWorkerStatus.RUNNING"
2026-08-30T18:39:18.9314806+02:00 mohameddtaieb/xai-compress-model-search-lr-0-0002 has status "KernelWorkerStatus.RUNNING"
2026-08-30T18:40:05.2278031+02:00 mohameddtaieb/xai-compress-model-search-lr-0-0002 has status "KernelWorkerStatus.RUNNING"
2026-08-30T18:40:54.6390210+02:00 mohameddtaieb/xai-compress-model-search-lr-0-0002 has status "KernelWorkerStatus.RUNNING"
2026-08-30T18:41:41.1220021+02:00 mohameddtaieb/xai-compress-model-search-lr-0-0002 has status "KernelWorkerStatus.RUNNING"
2026-08-30T18:42:27.4716174+02:00 mohameddtaieb/xai-compress-model-search-lr-0-0002 has status "KernelWorkerStatus.RUNNING"
2026-08-30T18:43:14.1163920+02:00 mohameddtaieb/xai-compress-model-search-lr-0-0002 has status "KernelWorkerStatus.RUNNING"
2026-08-30T18:44:00.5243613+02:00 mohameddtaieb/xai-compress-model-search-lr-0-0002 has status "KernelWorkerStatus.RUNNING"
2026-08-30T18:44:46.8959636+02:00 mohameddtaieb/xai-compress-model-search-lr-0-0002 has status "KernelWorkerStatus.RUNNING"
2026-08-30T18:45:33.4894323+02:00 mohameddtaieb/xai-compress-model-search-lr-0-0002 has status "KernelWorkerStatus.RUNNING"
2026-08-30T18:46:19.8822776+02:00 mohameddtaieb/xai-compress-model-search-lr-0-0002 has status "KernelWorkerStatus.RUNNING"
2026-08-30T18:47:09.3566371+02:00 mohameddtaieb/xai-compress-model-search-lr-0-0002 has status "KernelWorkerStatus.RUNNING"
2026-08-30T18:47:56.2572482+02:00 mohameddtaieb/xai-compress-model-search-lr-0-0002 has status "KernelWorkerStatus.RUNNING"
2026-08-30T18:48:44.3619943+02:00 mohameddtaieb/xai-compress-model-search-lr-0-0002 has status "KernelWorkerStatus.RUNNING"
2026-08-30T18:49:30.7556837+02:00 mohameddtaieb/xai-compress-model-search-lr-0-0002 has status "KernelWorkerStatus.RUNNING"
2026-08-30T18:50:17.4783769+02:00 mohameddtaieb/xai-compress-model-search-lr-0-0002 has status "KernelWorkerStatus.RUNNING"
2026-08-30T18:51:03.8663831+02:00 mohameddtaieb/xai-compress-model-search-lr-0-0002 has status "KernelWorkerStatus.RUNNING"
2026-08-30T18:51:50.2399804+02:00 mohameddtaieb/xai-compress-model-search-lr-0-0002 has status "KernelWorkerStatus.RUNNING"
2026-08-30T18:52:36.6195543+02:00 mohameddtaieb/xai-compress-model-search-lr-0-0002 has status "KernelWorkerStatus.RUNNING"
2026-08-30T18:53:23.0491753+02:00 mohameddtaieb/xai-compress-model-search-lr-0-0002 has status "KernelWorkerStatus.RUNNING"
2026-08-30T18:54:09.9272950+02:00 mohameddtaieb/xai-compress-model-search-lr-0-0002 has status "KernelWorkerStatus.RUNNING"
2026-08-30T18:54:57.2833633+02:00 mohameddtaieb/xai-compress-model-search-lr-0-0002 has status "KernelWorkerStatus.RUNNING"
2026-08-30T18:55:45.2373055+02:00 mohameddtaieb/xai-compress-model-search-lr-0-0002 has status "KernelWorkerStatus.RUNNING"
2026-08-30T18:56:31.9163654+02:00 mohameddtaieb/xai-compress-model-search-lr-0-0002 has status "KernelWorkerStatus.RUNNING"
2026-08-30T18:57:18.8631154+02:00 mohameddtaieb/xai-compress-model-search-lr-0-0002 has status "KernelWorkerStatus.RUNNING"
2026-08-30T18:58:05.5037216+02:00 mohameddtaieb/xai-compress-model-search-lr-0-0002 has status "KernelWorkerStatus.RUNNING"
2026-08-30T18:58:51.9533389+02:00 mohameddtaieb/xai-compress-model-search-lr-0-0002 has status "KernelWorkerStatus.RUNNING"
2026-08-30T18:59:38.3851467+02:00 mohameddtaieb/xai-compress-model-search-lr-0-0002 has status "KernelWorkerStatus.RUNNING"
2026-08-30T19:00:24.7613602+02:00 mohameddtaieb/xai-compress-model-search-lr-0-0002 has status "KernelWorkerStatus.RUNNING"
2026-08-30T19:01:11.2348126+02:00 mohameddtaieb/xai-compress-model-search-lr-0-0002 has status "KernelWorkerStatus.RUNNING"
2026-08-30T19:01:57.8079087+02:00 mohameddtaieb/xai-compress-model-search-lr-0-0002 has status "KernelWorkerStatus.RUNNING"
2026-08-30T19:02:44.2464118+02:00 mohameddtaieb/xai-compress-model-search-lr-0-0002 has status "KernelWorkerStatus.RUNNING"
2026-08-30T19:03:30.6308821+02:00 mohameddtaieb/xai-compress-model-search-lr-0-0002 has status "KernelWorkerStatus.RUNNING"
2026-08-30T19:04:16.9671527+02:00 mohameddtaieb/xai-compress-model-search-lr-0-0002 has status "KernelWorkerStatus.RUNNING"
2026-08-30T19:05:03.3524404+02:00 mohameddtaieb/xai-compress-model-search-lr-0-0002 has status "KernelWorkerStatus.RUNNING"
2026-08-30T19:05:49.6405645+02:00 mohameddtaieb/xai-compress-model-search-lr-0-0002 has status "KernelWorkerStatus.RUNNING"
2026-08-30T19:06:36.1090829+02:00 mohameddtaieb/xai-compress-model-search-lr-0-0002 has status "KernelWorkerStatus.RUNNING"
2026-08-30T19:07:22.5732981+02:00 mohameddtaieb/xai-compress-model-search-lr-0-0002 has status "KernelWorkerStatus.RUNNING"
2026-08-30T19:08:09.4586326+02:00 mohameddtaieb/xai-compress-model-search-lr-0-0002 has status "KernelWorkerStatus.RUNNING"
2026-08-30T19:08:56.1086083+02:00 mohameddtaieb/xai-compress-model-search-lr-0-0002 has status "KernelWorkerStatus.RUNNING"
2026-08-30T19:09:43.3552744+02:00 mohameddtaieb/xai-compress-model-search-lr-0-0002 has status "KernelWorkerStatus.RUNNING"
2026-08-30T19:10:30.0386906+02:00 mohameddtaieb/xai-compress-model-search-lr-0-0002 has status "KernelWorkerStatus.RUNNING"
2026-08-30T19:11:16.9765005+02:00 mohameddtaieb/xai-compress-model-search-lr-0-0002 has status "KernelWorkerStatus.RUNNING"
2026-08-30T19:12:03.6200375+02:00 mohameddtaieb/xai-compress-model-search-lr-0-0002 has status "KernelWorkerStatus.RUNNING"
2026-08-30T19:12:50.0453772+02:00 mohameddtaieb/xai-compress-model-search-lr-0-0002 has status "KernelWorkerStatus.RUNNING"
2026-08-30T19:13:36.4300153+02:00 mohameddtaieb/xai-compress-model-search-lr-0-0002 has status "KernelWorkerStatus.RUNNING"
2026-08-30T19:14:22.7669787+02:00 mohameddtaieb/xai-compress-model-search-lr-0-0002 has status "KernelWorkerStatus.RUNNING"
2026-08-30T19:15:09.8848367+02:00 mohameddtaieb/xai-compress-model-search-lr-0-0002 has status "KernelWorkerStatus.RUNNING"
2026-08-30T19:15:57.1939157+02:00 mohameddtaieb/xai-compress-model-search-lr-0-0002 has status "KernelWorkerStatus.ERROR"
Output file downloaded to C:\Users\ss\Desktop\XAI\XAI\engines\XAI-Compress\results\model_search\imports\candidate_b_20260830-183205\XAI-Compress/.gitignore
Output file downloaded to C:\Users\ss\Desktop\XAI\XAI\engines\XAI-Compress\results\model_search\imports\candidate_b_20260830-183205\XAI-Compress/DELIVERY_NOTES.txt
Output file downloaded to C:\Users\ss\Desktop\XAI\XAI\engines\XAI-Compress\results\model_search\imports\candidate_b_20260830-183205\XAI-Compress/QUICK_START_WINDOWS.txt
Output file downloaded to C:\Users\ss\Desktop\XAI\XAI\engines\XAI-Compress\results\model_search\imports\candidate_b_20260830-183205\XAI-Compress/README.md
Output file downloaded to C:\Users\ss\Desktop\XAI\XAI\engines\XAI-Compress\results\model_search\imports\candidate_b_20260830-183205\XAI-Compress/XAI_Compress_Complete_Analysis.ipynb
Output file downloaded to C:\Users\ss\Desktop\XAI\XAI\engines\XAI-Compress\results\model_search\imports\candidate_b_20260830-183205\XAI-Compress/benchmark.py
Output file downloaded to C:\Users\ss\Desktop\XAI\XAI\engines\XAI-Compress\results\model_search\imports\candidate_b_20260830-183205\XAI-Compress/build_rust_windows.bat
Output file downloaded to C:\Users\ss\Desktop\XAI\XAI\engines\XAI-Compress\results\model_search\imports\candidate_b_20260830-183205\XAI-Compress/configs/default.json
Output file downloaded to C:\Users\ss\Desktop\XAI\XAI\engines\XAI-Compress\results\model_search\imports\candidate_b_20260830-183205\XAI-Compress/configs/experiments/exp01_tiny_gru.json
Output file downloaded to C:\Users\ss\Desktop\XAI\XAI\engines\XAI-Compress\results\model_search\imports\candidate_b_20260830-183205\XAI-Compress/configs/experiments/exp02_small_transformer.json
Output file downloaded to C:\Users\ss\Desktop\XAI\XAI\engines\XAI-Compress\results\model_search\imports\candidate_b_20260830-183205\XAI-Compress/configs/gru_default.json
Output file downloaded to C:\Users\ss\Desktop\XAI\XAI\engines\XAI-Compress\results\model_search\imports\candidate_b_20260830-183205\XAI-Compress/configs/model_search_v2.json
Output file downloaded to C:\Users\ss\Desktop\XAI\XAI\engines\XAI-Compress\results\model_search\imports\candidate_b_20260830-183205\XAI-Compress/data/README.md
Output file downloaded to C:\Users\ss\Desktop\XAI\XAI\engines\XAI-Compress\results\model_search\imports\candidate_b_20260830-183205\XAI-Compress/diagrams/benchmark_architecture.mmd
Output file downloaded to C:\Users\ss\Desktop\XAI\XAI\engines\XAI-Compress\results\model_search\imports\candidate_b_20260830-183205\XAI-Compress/diagrams/chunk_processing.mmd
Output file downloaded to C:\Users\ss\Desktop\XAI\XAI\engines\XAI-Compress\results\model_search\imports\candidate_b_20260830-183205\XAI-Compress/diagrams/compression_pipeline.mmd
Output file downloaded to C:\Users\ss\Desktop\XAI\XAI\engines\XAI-Compress\results\model_search\imports\candidate_b_20260830-183205\XAI-Compress/diagrams/dataset_pipeline.mmd
Output file downloaded to C:\Users\ss\Desktop\XAI\XAI\engines\XAI-Compress\results\model_search\imports\candidate_b_20260830-183205\XAI-Compress/diagrams/decompression_pipeline.mmd
Output file downloaded to C:\Users\ss\Desktop\XAI\XAI\engines\XAI-Compress\results\model_search\imports\candidate_b_20260830-183205\XAI-Compress/diagrams/entropy_coding.mmd
Output file downloaded to C:\Users\ss\Desktop\XAI\XAI\engines\XAI-Compress\results\model_search\imports\candidate_b_20260830-183205\XAI-Compress/diagrams/experiment_workflow.mmd
Output file downloaded to C:\Users\ss\Desktop\XAI\XAI\engines\XAI-Compress\results\model_search\imports\candidate_b_20260830-183205\XAI-Compress/diagrams/final_architecture.mmd
Output file downloaded to C:\Users\ss\Desktop\XAI\XAI\engines\XAI-Compress\results\model_search\imports\candidate_b_20260830-183205\XAI-Compress/diagrams/gpu_training.mmd
Output file downloaded to C:\Users\ss\Desktop\XAI\XAI\engines\XAI-Compress\results\model_search\imports\candidate_b_20260830-183205\XAI-Compress/diagrams/hardware_utilization.mmd
Output file downloaded to C:\Users\ss\Desktop\XAI\XAI\engines\XAI-Compress\results\model_search\imports\candidate_b_20260830-183205\XAI-Compress/diagrams/hybrid_compression.mmd
Output file downloaded to C:\Users\ss\Desktop\XAI\XAI\engines\XAI-Compress\results\model_search\imports\candidate_b_20260830-183205\XAI-Compress/diagrams/model_evolution.mmd
Output file downloaded to C:\Users\ss\Desktop\XAI\XAI\engines\XAI-Compress\results\model_search\imports\candidate_b_20260830-183205\XAI-Compress/diagrams/neural_compression.mmd
Output file downloaded to C:\Users\ss\Desktop\XAI\XAI\engines\XAI-Compress\results\model_search\imports\candidate_b_20260830-183205\XAI-Compress/diagrams/probability_modeling.mmd
Output file downloaded to C:\Users\ss\Desktop\XAI\XAI\engines\XAI-Compress\results\model_search\imports\candidate_b_20260830-183205\XAI-Compress/diagrams/research_workflow.mmd
Output file downloaded to C:\Users\ss\Desktop\XAI\XAI\engines\XAI-Compress\results\model_search\imports\candidate_b_20260830-183205\XAI-Compress/diagrams/streaming_compression.mmd
Output file downloaded to C:\Users\ss\Desktop\XAI\XAI\engines\XAI-Compress\results\model_search\imports\candidate_b_20260830-183205\XAI-Compress/diagrams/system_architecture.mmd
Output file downloaded to C:\Users\ss\Desktop\XAI\XAI\engines\XAI-Compress\results\model_search\imports\candidate_b_20260830-183205\XAI-Compress/diagrams/training_pipeline.mmd
Output file downloaded to C:\Users\ss\Desktop\XAI\XAI\engines\XAI-Compress\results\model_search\imports\candidate_b_20260830-183205\XAI-Compress/measure_block_benchmark.py
Output file downloaded to C:\Users\ss\Desktop\XAI\XAI\engines\XAI-Compress\results\model_search\imports\candidate_b_20260830-183205\XAI-Compress/notebooks/00_kaggle_setup.ipynb
Output file downloaded to C:\Users\ss\Desktop\XAI\XAI\engines\XAI-Compress\results\model_search\imports\candidate_b_20260830-183205\XAI-Compress/notebooks/01_project_introduction.ipynb
Output file downloaded to C:\Users\ss\Desktop\XAI\XAI\engines\XAI-Compress\results\model_search\imports\candidate_b_20260830-183205\XAI-Compress/notebooks/02_dataset_analysis.ipynb
Output file downloaded to C:\Users\ss\Desktop\XAI\XAI\engines\XAI-Compress\results\model_search\imports\candidate_b_20260830-183205\XAI-Compress/notebooks/03_data_preprocessing.ipynb
Output file downloaded to C:\Users\ss\Desktop\XAI\XAI\engines\XAI-Compress\results\model_search\imports\candidate_b_20260830-183205\XAI-Compress/notebooks/04_entropy_analysis.ipynb
Output file downloaded to C:\Users\ss\Desktop\XAI\XAI\engines\XAI-Compress\results\model_search\imports\candidate_b_20260830-183205\XAI-Compress/notebooks/05_baseline_model.ipynb
Output file downloaded to C:\Users\ss\Desktop\XAI\XAI\engines\XAI-Compress\results\model_search\imports\candidate_b_20260830-183205\XAI-Compress/notebooks/06_model_architecture.ipynb
Output file downloaded to C:\Users\ss\Desktop\XAI\XAI\engines\XAI-Compress\results\model_search\imports\candidate_b_20260830-183205\XAI-Compress/notebooks/07_training_process.ipynb
Output file downloaded to C:\Users\ss\Desktop\XAI\XAI\engines\XAI-Compress\results\model_search\imports\candidate_b_20260830-183205\XAI-Compress/notebooks/08_training_evolution.ipynb
Output file downloaded to C:\Users\ss\Desktop\XAI\XAI\engines\XAI-Compress\results\model_search\imports\candidate_b_20260830-183205\XAI-Compress/notebooks/09_model_comparison.ipynb
Output file downloaded to C:\Users\ss\Desktop\XAI\XAI\engines\XAI-Compress\results\model_search\imports\candidate_b_20260830-183205\XAI-Compress/notebooks/10_compression_comparison.ipynb
Output file downloaded to C:\Users\ss\Desktop\XAI\XAI\engines\XAI-Compress\results\model_search\imports\candidate_b_20260830-183205\XAI-Compress/notebooks/11_speed_benchmark.ipynb
Output file downloaded to C:\Users\ss\Desktop\XAI\XAI\engines\XAI-Compress\results\model_search\imports\candidate_b_20260830-183205\XAI-Compress/notebooks/12_memory_gpu_benchmark.ipynb
Output file downloaded to C:\Users\ss\Desktop\XAI\XAI\engines\XAI-Compress\results\model_search\imports\candidate_b_20260830-183205\XAI-Compress/notebooks/13_ablation_study.ipynb
Output file downloaded to C:\Users\ss\Desktop\XAI\XAI\engines\XAI-Compress\results\model_search\imports\candidate_b_20260830-183205\XAI-Compress/notebooks/14_error_analysis.ipynb
Output file downloaded to C:\Users\ss\Desktop\XAI\XAI\engines\XAI-Compress\results\model_search\imports\candidate_b_20260830-183205\XAI-Compress/notebooks/15_final_results.ipynb
Output file downloaded to C:\Users\ss\Desktop\XAI\XAI\engines\XAI-Compress\results\model_search\imports\candidate_b_20260830-183205\XAI-Compress/notebooks/16_complete_pipeline.ipynb
Output file downloaded to C:\Users\ss\Desktop\XAI\XAI\engines\XAI-Compress\results\model_search\imports\candidate_b_20260830-183205\XAI-Compress/notebooks/PhD_Interview_XAI_Compress_Visual_Explanation.ipynb
Output file downloaded to C:\Users\ss\Desktop\XAI\XAI\engines\XAI-Compress\results\model_search\imports\candidate_b_20260830-183205\XAI-Compress/notebooks/XAI_Compress_Final_Research_Analysis.ipynb
Output file downloaded to C:\Users\ss\Desktop\XAI\XAI\engines\XAI-Compress\results\model_search\imports\candidate_b_20260830-183205\XAI-Compress/notebooks/XAI_Compress_Three_Model_Final_Analysis.ipynb
Output file downloaded to C:\Users\ss\Desktop\XAI\XAI\engines\XAI-Compress\results\model_search\imports\candidate_b_20260830-183205\XAI-Compress/notebooks/xai_compress_research.ipynb
Output file downloaded to C:\Users\ss\Desktop\XAI\XAI\engines\XAI-Compress\results\model_search\imports\candidate_b_20260830-183205\XAI-Compress/phase_d_benchmark.py
Output file downloaded to C:\Users\ss\Desktop\XAI\XAI\engines\XAI-Compress\results\model_search\imports\candidate_b_20260830-183205\XAI-Compress/phase_d_results.json
Output file downloaded to C:\Users\ss\Desktop\XAI\XAI\engines\XAI-Compress\results\model_search\imports\candidate_b_20260830-183205\XAI-Compress/phase_g_benchmark.py
Output file downloaded to C:\Users\ss\Desktop\XAI\XAI\engines\XAI-Compress\results\model_search\imports\candidate_b_20260830-183205\XAI-Compress/phase_g_results.csv
Output file downloaded to C:\Users\ss\Desktop\XAI\XAI\engines\XAI-Compress\results\model_search\imports\candidate_b_20260830-183205\XAI-Compress/phase_h_dataset_audit.py
Output file downloaded to C:\Users\ss\Desktop\XAI\XAI\engines\XAI-Compress\results\model_search\imports\candidate_b_20260830-183205\XAI-Compress/phase_h_dataset_report.csv
Output file downloaded to C:\Users\ss\Desktop\XAI\XAI\engines\XAI-Compress\results\model_search\imports\candidate_b_20260830-183205\XAI-Compress/phase_h_dataset_report.json
Output file downloaded to C:\Users\ss\Desktop\XAI\XAI\engines\XAI-Compress\results\model_search\imports\candidate_b_20260830-183205\XAI-Compress/phase_i_actual_benchmark.csv
Output file downloaded to C:\Users\ss\Desktop\XAI\XAI\engines\XAI-Compress\results\model_search\imports\candidate_b_20260830-183205\XAI-Compress/phase_i_j_experiments.py
Output file downloaded to C:\Users\ss\Desktop\XAI\XAI\engines\XAI-Compress\results\model_search\imports\candidate_b_20260830-183205\XAI-Compress/phase_j_results.csv
Output file downloaded to C:\Users\ss\Desktop\XAI\XAI\engines\XAI-Compress\results\model_search\imports\candidate_b_20260830-183205\XAI-Compress/phase_j_results.json
Output file downloaded to C:\Users\ss\Desktop\XAI\XAI\engines\XAI-Compress\results\model_search\imports\candidate_b_20260830-183205\XAI-Compress/pyproject.toml
Output file downloaded to C:\Users\ss\Desktop\XAI\XAI\engines\XAI-Compress\results\model_search\imports\candidate_b_20260830-183205\XAI-Compress/reports/benchmark_report.md
Output file downloaded to C:\Users\ss\Desktop\XAI\XAI\engines\XAI-Compress\results\model_search\imports\candidate_b_20260830-183205\XAI-Compress/reports/experiment_report.md
Output file downloaded to C:\Users\ss\Desktop\XAI\XAI\engines\XAI-Compress\results\model_search\imports\candidate_b_20260830-183205\XAI-Compress/reports/final_report.md
Output file downloaded to C:\Users\ss\Desktop\XAI\XAI\engines\XAI-Compress\results\model_search\imports\candidate_b_20260830-183205\XAI-Compress/reports/mathematical_foundations.md
Output file downloaded to C:\Users\ss\Desktop\XAI\XAI\engines\XAI-Compress\results\model_search\imports\candidate_b_20260830-183205\XAI-Compress/reports/methodology.md
Output file downloaded to C:\Users\ss\Desktop\XAI\XAI\engines\XAI-Compress\results\model_search\imports\candidate_b_20260830-183205\XAI-Compress/requirements.txt
Output file downloaded to C:\Users\ss\Desktop\XAI\XAI\engines\XAI-Compress\results\model_search\imports\candidate_b_20260830-183205\XAI-Compress/results/README.md
Output file downloaded to C:\Users\ss\Desktop\XAI\XAI\engines\XAI-Compress\results\model_search\imports\candidate_b_20260830-183205\XAI-Compress/rust-core/Cargo.lock
Output file downloaded to C:\Users\ss\Desktop\XAI\XAI\engines\XAI-Compress\results\model_search\imports\candidate_b_20260830-183205\XAI-Compress/rust-core/Cargo.toml
Output file downloaded to C:\Users\ss\Desktop\XAI\XAI\engines\XAI-Compress\results\model_search\imports\candidate_b_20260830-183205\XAI-Compress/rust-core/pyproject.toml
Output file downloaded to C:\Users\ss\Desktop\XAI\XAI\engines\XAI-Compress\results\model_search\imports\candidate_b_20260830-183205\XAI-Compress/rust-core/src/lib.rs
Output file downloaded to C:\Users\ss\Desktop\XAI\XAI\engines\XAI-Compress\results\model_search\imports\candidate_b_20260830-183205\XAI-Compress/scripts/benchmark_rust_core.py
Output file downloaded to C:\Users\ss\Desktop\XAI\XAI\engines\XAI-Compress\results\model_search\imports\candidate_b_20260830-183205\XAI-Compress/scripts/benchmark_v2_promotion.py
Output file downloaded to C:\Users\ss\Desktop\XAI\XAI\engines\XAI-Compress\results\model_search\imports\candidate_b_20260830-183205\XAI-Compress/scripts/build_three_mode_report.py
Output file downloaded to C:\Users\ss\Desktop\XAI\XAI\engines\XAI-Compress\results\model_search\imports\candidate_b_20260830-183205\XAI-Compress/scripts/debug_lossless_v2_activations.py
Output file downloaded to C:\Users\ss\Desktop\XAI\XAI\engines\XAI-Compress\results\model_search\imports\candidate_b_20260830-183205\XAI-Compress/scripts/debug_lossless_v2_gradients.py
Output file downloaded to C:\Users\ss\Desktop\XAI\XAI\engines\XAI-Compress\results\model_search\imports\candidate_b_20260830-183205\XAI-Compress/scripts/debug_lossless_v2_numerics.py
Output file downloaded to C:\Users\ss\Desktop\XAI\XAI\engines\XAI-Compress\results\model_search\imports\candidate_b_20260830-183205\XAI-Compress/scripts/final_analysis.py
Output file downloaded to C:\Users\ss\Desktop\XAI\XAI\engines\XAI-Compress\results\model_search\imports\candidate_b_20260830-183205\XAI-Compress/scripts/generate_notebooks.py
Output file downloaded to C:\Users\ss\Desktop\XAI\XAI\engines\XAI-Compress\results\model_search\imports\candidate_b_20260830-183205\XAI-Compress/scripts/generate_report.py
Output file downloaded to C:\Users\ss\Desktop\XAI\XAI\engines\XAI-Compress\results\model_search\imports\candidate_b_20260830-183205\XAI-Compress/scripts/kaggle/README.md
Output file downloaded to C:\Users\ss\Desktop\XAI\XAI\engines\XAI-Compress\results\model_search\imports\candidate_b_20260830-183205\XAI-Compress/scripts/kaggle/deploy.ps1
Output file downloaded to C:\Users\ss\Desktop\XAI\XAI\engines\XAI-Compress\results\model_search\imports\candidate_b_20260830-183205\XAI-Compress/scripts/kaggle/download_model.ps1
Output file downloaded to C:\Users\ss\Desktop\XAI\XAI\engines\XAI-Compress\results\model_search\imports\candidate_b_20260830-183205\XAI-Compress/scripts/kaggle/kaggle_benchmark.py
Output file downloaded to C:\Users\ss\Desktop\XAI\XAI\engines\XAI-Compress\results\model_search\imports\candidate_b_20260830-183205\XAI-Compress/scripts/kaggle/kaggle_setup.py
Output file downloaded to C:\Users\ss\Desktop\XAI\XAI\engines\XAI-Compress\results\model_search\imports\candidate_b_20260830-183205\XAI-Compress/scripts/kaggle/kaggle_train.py
Output file downloaded to C:\Users\ss\Desktop\XAI\XAI\engines\XAI-Compress\results\model_search\imports\candidate_b_20260830-183205\XAI-Compress/scripts/kaggle/monitor_kernel.ps1
Output file downloaded to C:\Users\ss\Desktop\XAI\XAI\engines\XAI-Compress\results\model_search\imports\candidate_b_20260830-183205\XAI-Compress/scripts/kaggle/monitor_kernel_log.py
Output file downloaded to C:\Users\ss\Desktop\XAI\XAI\engines\XAI-Compress\results\model_search\imports\candidate_b_20260830-183205\XAI-Compress/scripts/kaggle/monitor_production_log.py
Output file downloaded to C:\Users\ss\Desktop\XAI\XAI\engines\XAI-Compress\results\model_search\imports\candidate_b_20260830-183205\XAI-Compress/scripts/kaggle/prepare_kaggle_package.py
Output file downloaded to C:\Users\ss\Desktop\XAI\XAI\engines\XAI-Compress\results\model_search\imports\candidate_b_20260830-183205\XAI-Compress/scripts/kaggle/run_kaggle_lossless_v2.py
Output file downloaded to C:\Users\ss\Desktop\XAI\XAI\engines\XAI-Compress\results\model_search\imports\candidate_b_20260830-183205\XAI-Compress/scripts/kaggle/run_kaggle_lossy_v1.py
Output file downloaded to C:\Users\ss\Desktop\XAI\XAI\engines\XAI-Compress\results\model_search\imports\candidate_b_20260830-183205\XAI-Compress/scripts/kaggle/run_kaggle_training.py
Output file downloaded to C:\Users\ss\Desktop\XAI\XAI\engines\XAI-Compress\results\model_search\imports\candidate_b_20260830-183205\XAI-Compress/scripts/kaggle/run_lossless_v2_activation_diagnostic.py
Output file downloaded to C:\Users\ss\Desktop\XAI\XAI\engines\XAI-Compress\results\model_search\imports\candidate_b_20260830-183205\XAI-Compress/scripts/kaggle/run_lossless_v2_cuda_diagnostic.py
Output file downloaded to C:\Users\ss\Desktop\XAI\XAI\engines\XAI-Compress\results\model_search\imports\candidate_b_20260830-183205\XAI-Compress/scripts/kaggle/run_lossless_v2_gradient_diagnostic.py
Output file downloaded to C:\Users\ss\Desktop\XAI\XAI\engines\XAI-Compress\results\model_search\imports\candidate_b_20260830-183205\XAI-Compress/scripts/kaggle/run_v2_lr_0002_diagnostic.py
Output file downloaded to C:\Users\ss\Desktop\XAI\XAI\engines\XAI-Compress\results\model_search\imports\candidate_b_20260830-183205\XAI-Compress/scripts/kaggle/run_v2_multi_epoch_diagnostic.py
Output file downloaded to C:\Users\ss\Desktop\XAI\XAI\engines\XAI-Compress\results\model_search\imports\candidate_b_20260830-183205\XAI-Compress/scripts/kaggle/submit_activation_diagnostic.ps1
Output file downloaded to C:\Users\ss\Desktop\XAI\XAI\engines\XAI-Compress\results\model_search\imports\candidate_b_20260830-183205\XAI-Compress/scripts/kaggle/submit_cuda_diagnostic.ps1
Output file downloaded to C:\Users\ss\Desktop\XAI\XAI\engines\XAI-Compress\results\model_search\imports\candidate_b_20260830-183205\XAI-Compress/scripts/kaggle/submit_gradient_diagnostic.ps1
Output file downloaded to C:\Users\ss\Desktop\XAI\XAI\engines\XAI-Compress\results\model_search\imports\candidate_b_20260830-183205\XAI-Compress/scripts/kaggle/submit_model_v2.ps1
Output file downloaded to C:\Users\ss\Desktop\XAI\XAI\engines\XAI-Compress\results\model_search\imports\candidate_b_20260830-183205\XAI-Compress/scripts/kaggle/submit_training.ps1
Output file downloaded to C:\Users\ss\Desktop\XAI\XAI\engines\XAI-Compress\results\model_search\imports\candidate_b_20260830-183205\XAI-Compress/scripts/kaggle/submit_v2_lr_0002_diagnostic.ps1
Output file downloaded to C:\Users\ss\Desktop\XAI\XAI\engines\XAI-Compress\results\model_search\imports\candidate_b_20260830-183205\XAI-Compress/scripts/kaggle/submit_v2_multi_epoch_diagnostic.ps1
Output file downloaded to C:\Users\ss\Desktop\XAI\XAI\engines\XAI-Compress\results\model_search\imports\candidate_b_20260830-183205\XAI-Compress/scripts/kaggle/sync_model.ps1
Output file downloaded to C:\Users\ss\Desktop\XAI\XAI\engines\XAI-Compress\results\model_search\imports\candidate_b_20260830-183205\XAI-Compress/scripts/kaggle/tail_kernel_log.py
Output file downloaded to C:\Users\ss\Desktop\XAI\XAI\engines\XAI-Compress\results\model_search\imports\candidate_b_20260830-183205\XAI-Compress/scripts/kaggle/update_kaggle.ps1
Output file downloaded to C:\Users\ss\Desktop\XAI\XAI\engines\XAI-Compress\results\model_search\imports\candidate_b_20260830-183205\XAI-Compress/scripts/kaggle/upload_kaggle.ps1
Output file downloaded to C:\Users\ss\Desktop\XAI\XAI\engines\XAI-Compress\results\model_search\imports\candidate_b_20260830-183205\XAI-Compress/scripts/kaggle/verify_package.py
Output file downloaded to C:\Users\ss\Desktop\XAI\XAI\engines\XAI-Compress\results\model_search\imports\candidate_b_20260830-183205\XAI-Compress/scripts/model_search_orchestrator.py
Output file downloaded to C:\Users\ss\Desktop\XAI\XAI\engines\XAI-Compress\results\model_search\imports\candidate_b_20260830-183205\XAI-Compress/scripts/model_v2_audit.py
Output file downloaded to C:\Users\ss\Desktop\XAI\XAI\engines\XAI-Compress\results\model_search\imports\candidate_b_20260830-183205\XAI-Compress/scripts/run_experiments.py
Output file downloaded to C:\Users\ss\Desktop\XAI\XAI\engines\XAI-Compress\results\model_search\imports\candidate_b_20260830-183205\XAI-Compress/scripts/run_v2_multi_epoch_gate.py
Output file downloaded to C:\Users\ss\Desktop\XAI\XAI\engines\XAI-Compress\results\model_search\imports\candidate_b_20260830-183205\XAI-Compress/source-sha256.json
Output file downloaded to C:\Users\ss\Desktop\XAI\XAI\engines\XAI-Compress\results\model_search\imports\candidate_b_20260830-183205\XAI-Compress/subset_compare_benchmark.py
Output file downloaded to C:\Users\ss\Desktop\XAI\XAI\engines\XAI-Compress\results\model_search\imports\candidate_b_20260830-183205\XAI-Compress/tests/test_benchmark.py
Output file downloaded to C:\Users\ss\Desktop\XAI\XAI\engines\XAI-Compress\results\model_search\imports\candidate_b_20260830-183205\XAI-Compress/tests/test_compression.py
Output file downloaded to C:\Users\ss\Desktop\XAI\XAI\engines\XAI-Compress\results\model_search\imports\candidate_b_20260830-183205\XAI-Compress/tests/test_dataset.py
Output file downloaded to C:\Users\ss\Desktop\XAI\XAI\engines\XAI-Compress\results\model_search\imports\candidate_b_20260830-183205\XAI-Compress/tests/test_decompression.py
Output file downloaded to C:\Users\ss\Desktop\XAI\XAI\engines\XAI-Compress\results\model_search\imports\candidate_b_20260830-183205\XAI-Compress/tests/test_entropy_coder.py
Output file downloaded to C:\Users\ss\Desktop\XAI\XAI\engines\XAI-Compress\results\model_search\imports\candidate_b_20260830-183205\XAI-Compress/tests/test_files.py
Output file downloaded to C:\Users\ss\Desktop\XAI\XAI\engines\XAI-Compress\results\model_search\imports\candidate_b_20260830-183205\XAI-Compress/tests/test_kaggle_workflow.py
Output file downloaded to C:\Users\ss\Desktop\XAI\XAI\engines\XAI-Compress\results\model_search\imports\candidate_b_20260830-183205\XAI-Compress/tests/test_large_dataset_contract.py
Output file downloaded to C:\Users\ss\Desktop\XAI\XAI\engines\XAI-Compress\results\model_search\imports\candidate_b_20260830-183205\XAI-Compress/tests/test_large_files.py
Output file downloaded to C:\Users\ss\Desktop\XAI\XAI\engines\XAI-Compress\results\model_search\imports\candidate_b_20260830-183205\XAI-Compress/tests/test_lossless_v2.py
Output file downloaded to C:\Users\ss\Desktop\XAI\XAI\engines\XAI-Compress\results\model_search\imports\candidate_b_20260830-183205\XAI-Compress/tests/test_lossy_v1.py
Output file downloaded to C:\Users\ss\Desktop\XAI\XAI\engines\XAI-Compress\results\model_search\imports\candidate_b_20260830-183205\XAI-Compress/tests/test_model.py
Output file downloaded to C:\Users\ss\Desktop\XAI\XAI\engines\XAI-Compress\results\model_search\imports\candidate_b_20260830-183205\XAI-Compress/tests/test_model_block_api.py
Output file downloaded to C:\Users\ss\Desktop\XAI\XAI\engines\XAI-Compress\results\model_search\imports\candidate_b_20260830-183205\XAI-Compress/tests/test_model_search.py
Output file downloaded to C:\Users\ss\Desktop\XAI\XAI\engines\XAI-Compress\results\model_search\imports\candidate_b_20260830-183205\XAI-Compress/tests/test_modes.py
Output file downloaded to C:\Users\ss\Desktop\XAI\XAI\engines\XAI-Compress\results\model_search\imports\candidate_b_20260830-183205\XAI-Compress/tests/test_neural_contract.py
Output file downloaded to C:\Users\ss\Desktop\XAI\XAI\engines\XAI-Compress\results\model_search\imports\candidate_b_20260830-183205\XAI-Compress/tests/test_research.py
Output file downloaded to C:\Users\ss\Desktop\XAI\XAI\engines\XAI-Compress\results\model_search\imports\candidate_b_20260830-183205\XAI-Compress/tests/test_roundtrip.py
Output file downloaded to C:\Users\ss\Desktop\XAI\XAI\engines\XAI-Compress\results\model_search\imports\candidate_b_20260830-183205\XAI-Compress/tests/test_rust_parity.py
Output file downloaded to C:\Users\ss\Desktop\XAI\XAI\engines\XAI-Compress\results\model_search\imports\candidate_b_20260830-183205\XAI-Compress/tests/test_static.py
Output file downloaded to C:\Users\ss\Desktop\XAI\XAI\engines\XAI-Compress\results\model_search\imports\candidate_b_20260830-183205\XAI-Compress/tests/test_streaming_container.py
Output file downloaded to C:\Users\ss\Desktop\XAI\XAI\engines\XAI-Compress\results\model_search\imports\candidate_b_20260830-183205\XAI-Compress/tests/test_xaic_version_compatibility.py
Output file downloaded to C:\Users\ss\Desktop\XAI\XAI\engines\XAI-Compress\results\model_search\imports\candidate_b_20260830-183205\XAI-Compress/xai_compress/__init__.py
Output file downloaded to C:\Users\ss\Desktop\XAI\XAI\engines\XAI-Compress\results\model_search\imports\candidate_b_20260830-183205\XAI-Compress/xai_compress/__main__.py
Output file downloaded to C:\Users\ss\Desktop\XAI\XAI\engines\XAI-Compress\results\model_search\imports\candidate_b_20260830-183205\XAI-Compress/xai_compress/__pycache__/__init__.cpython-312.pyc
Output file downloaded to C:\Users\ss\Desktop\XAI\XAI\engines\XAI-Compress\results\model_search\imports\candidate_b_20260830-183205\XAI-Compress/xai_compress/__pycache__/analyzer.cpython-312.pyc
Output file downloaded to C:\Users\ss\Desktop\XAI\XAI\engines\XAI-Compress\results\model_search\imports\candidate_b_20260830-183205\XAI-Compress/xai_compress/__pycache__/arithmetic.cpython-312.pyc
Output file downloaded to C:\Users\ss\Desktop\XAI\XAI\engines\XAI-Compress\results\model_search\imports\candidate_b_20260830-183205\XAI-Compress/xai_compress/__pycache__/checkpoint.cpython-312.pyc
Output file downloaded to C:\Users\ss\Desktop\XAI\XAI\engines\XAI-Compress\results\model_search\imports\candidate_b_20260830-183205\XAI-Compress/xai_compress/__pycache__/compression.cpython-312.pyc
Output file downloaded to C:\Users\ss\Desktop\XAI\XAI\engines\XAI-Compress\results\model_search\imports\candidate_b_20260830-183205\XAI-Compress/xai_compress/__pycache__/format.cpython-312.pyc
Output file downloaded to C:\Users\ss\Desktop\XAI\XAI\engines\XAI-Compress\results\model_search\imports\candidate_b_20260830-183205\XAI-Compress/xai_compress/__pycache__/model.cpython-312.pyc
Output file downloaded to C:\Users\ss\Desktop\XAI\XAI\engines\XAI-Compress\results\model_search\imports\candidate_b_20260830-183205\XAI-Compress/xai_compress/__pycache__/modes.cpython-312.pyc
Output file downloaded to C:\Users\ss\Desktop\XAI\XAI\engines\XAI-Compress\results\model_search\imports\candidate_b_20260830-183205\XAI-Compress/xai_compress/__pycache__/train.cpython-312.pyc
Output file downloaded to C:\Users\ss\Desktop\XAI\XAI\engines\XAI-Compress\results\model_search\imports\candidate_b_20260830-183205\XAI-Compress/xai_compress/analyzer.py
Output file downloaded to C:\Users\ss\Desktop\XAI\XAI\engines\XAI-Compress\results\model_search\imports\candidate_b_20260830-183205\XAI-Compress/xai_compress/arithmetic.py
Output file downloaded to C:\Users\ss\Desktop\XAI\XAI\engines\XAI-Compress\results\model_search\imports\candidate_b_20260830-183205\XAI-Compress/xai_compress/benchmarks/__init__.py
Output file downloaded to C:\Users\ss\Desktop\XAI\XAI\engines\XAI-Compress\results\model_search\imports\candidate_b_20260830-183205\XAI-Compress/xai_compress/benchmarks/suite.py
Output file downloaded to C:\Users\ss\Desktop\XAI\XAI\engines\XAI-Compress\results\model_search\imports\candidate_b_20260830-183205\XAI-Compress/xai_compress/checkpoint.py
Output file downloaded to C:\Users\ss\Desktop\XAI\XAI\engines\XAI-Compress\results\model_search\imports\candidate_b_20260830-183205\XAI-Compress/xai_compress/cli.py
Output file downloaded to C:\Users\ss\Desktop\XAI\XAI\engines\XAI-Compress\results\model_search\imports\candidate_b_20260830-183205\XAI-Compress/xai_compress/compression.py
Output file downloaded to C:\Users\ss\Desktop\XAI\XAI\engines\XAI-Compress\results\model_search\imports\candidate_b_20260830-183205\XAI-Compress/xai_compress/datasets/__init__.py
Output file downloaded to C:\Users\ss\Desktop\XAI\XAI\engines\XAI-Compress\results\model_search\imports\candidate_b_20260830-183205\XAI-Compress/xai_compress/datasets/__pycache__/__init__.cpython-312.pyc
Output file downloaded to C:\Users\ss\Desktop\XAI\XAI\engines\XAI-Compress\results\model_search\imports\candidate_b_20260830-183205\XAI-Compress/xai_compress/datasets/__pycache__/pipeline.cpython-312.pyc
Output file downloaded to C:\Users\ss\Desktop\XAI\XAI\engines\XAI-Compress\results\model_search\imports\candidate_b_20260830-183205\XAI-Compress/xai_compress/datasets/corpus.py
Output file downloaded to C:\Users\ss\Desktop\XAI\XAI\engines\XAI-Compress\results\model_search\imports\candidate_b_20260830-183205\XAI-Compress/xai_compress/datasets/pipeline.py
Output file downloaded to C:\Users\ss\Desktop\XAI\XAI\engines\XAI-Compress\results\model_search\imports\candidate_b_20260830-183205\XAI-Compress/xai_compress/entropy/__init__.py
Output file downloaded to C:\Users\ss\Desktop\XAI\XAI\engines\XAI-Compress\results\model_search\imports\candidate_b_20260830-183205\XAI-Compress/xai_compress/entropy/__pycache__/__init__.cpython-312.pyc
Output file downloaded to C:\Users\ss\Desktop\XAI\XAI\engines\XAI-Compress\results\model_search\imports\candidate_b_20260830-183205\XAI-Compress/xai_compress/entropy/__pycache__/quant.cpython-312.pyc
Output file downloaded to C:\Users\ss\Desktop\XAI\XAI\engines\XAI-Compress\results\model_search\imports\candidate_b_20260830-183205\XAI-Compress/xai_compress/entropy/__pycache__/rans.cpython-312.pyc
Output file downloaded to C:\Users\ss\Desktop\XAI\XAI\engines\XAI-Compress\results\model_search\imports\candidate_b_20260830-183205\XAI-Compress/xai_compress/entropy/quant.py
Output file downloaded to C:\Users\ss\Desktop\XAI\XAI\engines\XAI-Compress\results\model_search\imports\candidate_b_20260830-183205\XAI-Compress/xai_compress/entropy/rans.py
Output file downloaded to C:\Users\ss\Desktop\XAI\XAI\engines\XAI-Compress\results\model_search\imports\candidate_b_20260830-183205\XAI-Compress/xai_compress/format.py
Output file downloaded to C:\Users\ss\Desktop\XAI\XAI\engines\XAI-Compress\results\model_search\imports\candidate_b_20260830-183205\XAI-Compress/xai_compress/lossy.py
Output file downloaded to C:\Users\ss\Desktop\XAI\XAI\engines\XAI-Compress\results\model_search\imports\candidate_b_20260830-183205\XAI-Compress/xai_compress/model.py
Output file downloaded to C:\Users\ss\Desktop\XAI\XAI\engines\XAI-Compress\results\model_search\imports\candidate_b_20260830-183205\XAI-Compress/xai_compress/model_search.py
Output file downloaded to C:\Users\ss\Desktop\XAI\XAI\engines\XAI-Compress\results\model_search\imports\candidate_b_20260830-183205\XAI-Compress/xai_compress/models/__init__.py
Output file downloaded to C:\Users\ss\Desktop\XAI\XAI\engines\XAI-Compress\results\model_search\imports\candidate_b_20260830-183205\XAI-Compress/xai_compress/models/__pycache__/__init__.cpython-312.pyc
Output file downloaded to C:\Users\ss\Desktop\XAI\XAI\engines\XAI-Compress\results\model_search\imports\candidate_b_20260830-183205\XAI-Compress/xai_compress/models/__pycache__/lossy.cpython-312.pyc
Output file downloaded to C:\Users\ss\Desktop\XAI\XAI\engines\XAI-Compress\results\model_search\imports\candidate_b_20260830-183205\XAI-Compress/xai_compress/models/__pycache__/registry.cpython-312.pyc
Output file downloaded to C:\Users\ss\Desktop\XAI\XAI\engines\XAI-Compress\results\model_search\imports\candidate_b_20260830-183205\XAI-Compress/xai_compress/models/__pycache__/transformer.cpython-312.pyc
Output file downloaded to C:\Users\ss\Desktop\XAI\XAI\engines\XAI-Compress\results\model_search\imports\candidate_b_20260830-183205\XAI-Compress/xai_compress/models/__pycache__/transformer_v2.cpython-312.pyc
Output file downloaded to C:\Users\ss\Desktop\XAI\XAI\engines\XAI-Compress\results\model_search\imports\candidate_b_20260830-183205\XAI-Compress/xai_compress/models/lossy.py
Output file downloaded to C:\Users\ss\Desktop\XAI\XAI\engines\XAI-Compress\results\model_search\imports\candidate_b_20260830-183205\XAI-Compress/xai_compress/models/registry.py
Output file downloaded to C:\Users\ss\Desktop\XAI\XAI\engines\XAI-Compress\results\model_search\imports\candidate_b_20260830-183205\XAI-Compress/xai_compress/models/transformer.py
Output file downloaded to C:\Users\ss\Desktop\XAI\XAI\engines\XAI-Compress\results\model_search\imports\candidate_b_20260830-183205\XAI-Compress/xai_compress/models/transformer_v2.py
Output file downloaded to C:\Users\ss\Desktop\XAI\XAI\engines\XAI-Compress\results\model_search\imports\candidate_b_20260830-183205\XAI-Compress/xai_compress/modes.py
Output file downloaded to C:\Users\ss\Desktop\XAI\XAI\engines\XAI-Compress\results\model_search\imports\candidate_b_20260830-183205\XAI-Compress/xai_compress/research.py
Output file downloaded to C:\Users\ss\Desktop\XAI\XAI\engines\XAI-Compress\results\model_search\imports\candidate_b_20260830-183205\XAI-Compress/xai_compress/streaming.py
Output file downloaded to C:\Users\ss\Desktop\XAI\XAI\engines\XAI-Compress\results\model_search\imports\candidate_b_20260830-183205\XAI-Compress/xai_compress/train.py
Output file downloaded to C:\Users\ss\Desktop\XAI\XAI\engines\XAI-Compress\results\model_search\imports\candidate_b_20260830-183205\XAI-Compress/xai_compress/train_lossy.py
Output file downloaded to C:\Users\ss\Desktop\XAI\XAI\engines\XAI-Compress\results\model_search\imports\candidate_b_20260830-183205\XAI-Compress/xai_compress/utils/__init__.py
Output file downloaded to C:\Users\ss\Desktop\XAI\XAI\engines\XAI-Compress\results\model_search\imports\candidate_b_20260830-183205\XAI-Compress/xai_compress/utils/__pycache__/__init__.cpython-312.pyc
Output file downloaded to C:\Users\ss\Desktop\XAI\XAI\engines\XAI-Compress\results\model_search\imports\candidate_b_20260830-183205\XAI-Compress/xai_compress/utils/__pycache__/device.cpython-312.pyc
Output file downloaded to C:\Users\ss\Desktop\XAI\XAI\engines\XAI-Compress\results\model_search\imports\candidate_b_20260830-183205\XAI-Compress/xai_compress/utils/__pycache__/metrics.cpython-312.pyc
Output file downloaded to C:\Users\ss\Desktop\XAI\XAI\engines\XAI-Compress\results\model_search\imports\candidate_b_20260830-183205\XAI-Compress/xai_compress/utils/device.py
Output file downloaded to C:\Users\ss\Desktop\XAI\XAI\engines\XAI-Compress\results\model_search\imports\candidate_b_20260830-183205\XAI-Compress/xai_compress/utils/metrics.py
Output file downloaded to C:\Users\ss\Desktop\XAI\XAI\engines\XAI-Compress\results\model_search\imports\candidate_b_20260830-183205\results/model_search/lr_0_0002/diagnostic_summary.json
Output file downloaded to C:\Users\ss\Desktop\XAI\XAI\engines\XAI-Compress\results\model_search\imports\candidate_b_20260830-183205\results/model_search/lr_0_0002/training_status.json
Output file downloaded to C:\Users\ss\Desktop\XAI\XAI\engines\XAI-Compress\results\model_search\imports\candidate_b_20260830-183205\results/model_search/selection.json
Kernel log downloaded to C:\Users\ss\Desktop\XAI\XAI\engines\XAI-Compress\results\model_search\imports\candidate_b_20260830-183205\xai-compress-model-search-lr-0-0002.log 
{
  "status": "ACTIVE",
  "running_candidate": null,
  "pending_candidates": [
    "residual_scale_depth",
    "context_512",
    "ffn_1024",
    "layers_6"
  ],
  "completed_candidates": [
    "lr-0-0003-62f2b1e4a6",
    "lr-0-0002-f316e33308"
  ],
  "failed_candidates": [
    "lr-0-0003-62f2b1e4a6",
    "lr-0-0002-f316e33308"
  ],
  "unresolved_candidates": [
    "lr-0-0003-62f2b1e4a6"
  ],
  "validated_candidates": [],
  "promoted_candidate": null,
  "best_stable_candidate": null,
  "promotion_blocked": false,
  "promotion_block_reason": null,
  "protected_baseline_integrity": {
    "expected_sha256": "083cda706612c3fd9ce62699741932b07e83fdf98eb6c5430d51bd29e1820429",
    "measured_sha256": "083cda706612c3fd9ce62699741932b07e83fdf98eb6c5430d51bd29e1820429",
    "expected_sha256_valid_format": true,
    "match": true,
    "verification_status": "VERIFIED",
    "verified_at": "2026-08-30T17:18:07.100304+00:00"
  },
  "budget": {
    "max_candidates": 10,
    "max_gpu_hours": 48,
    "max_kaggle_submissions": 6,
    "max_failures": 6,
    "no_improvement_patience": 3,
    "candidates_consumed": 2,
    "gpu_hours_consumed": 1.6288843675005555,
    "kaggle_submissions_consumed": 2,
    "failures_consumed": 2,
    "eligible_without_improvement": 0,
    "infrastructure_retries_consumed": 0,
    "numerical_failures_consumed": 0
  },
  "stop_reason": null
}
2026-08-30T19:18:18.7613722+02:00 Watcher complete.
