[{"stream_name":"stdout","time":13.8043051,"data":"SOURCE HASH MANIFEST {\n"}
,{"stream_name":"stdout","time":13.804404724,"data":"  \"expected\": {\n"}
,{"stream_name":"stdout","time":13.804412289,"data":"    \"xai_compress/models/transformer_v2.py\": \"da3dfb52740b02287be3811abd95a3419485fe1fdee86f254ea0ccf7a70de39c\",\n"}
,{"stream_name":"stdout","time":13.804417844,"data":"    \"xai_compress/train.py\": \"7b1cfe547c85c7733d8ba3f3ead8b5372cf56eba2406f0ba3076c3fbbdf59ffe\",\n"}
,{"stream_name":"stdout","time":13.804422872,"data":"    \"xai_compress/checkpoint.py\": \"d0890b80f5d1529409313da3d1c815dd597d2abdb3e7fd1cf41d50b4497423f1\",\n"}
,{"stream_name":"stdout","time":13.804427652,"data":"    \"xai_compress/compression.py\": \"c4565d3d8b2dd98b923894cb9f3d13aec97bdb1928f57a219b9db6abb4bfa934\",\n"}
,{"stream_name":"stdout","time":13.804432499,"data":"    \"scripts/run_v2_multi_epoch_gate.py\": \"614e395bda278afa348720a68dfd1ed7de75320019a688658386faa9115170d5\"\n"}
,{"stream_name":"stdout","time":13.804437794,"data":"  },\n"}
,{"stream_name":"stdout","time":13.80444225,"data":"  \"actual\": {\n"}
,{"stream_name":"stdout","time":13.804446676,"data":"    \"xai_compress/models/transformer_v2.py\": \"da3dfb52740b02287be3811abd95a3419485fe1fdee86f254ea0ccf7a70de39c\",\n"}
,{"stream_name":"stdout","time":13.804451752,"data":"    \"xai_compress/train.py\": \"7b1cfe547c85c7733d8ba3f3ead8b5372cf56eba2406f0ba3076c3fbbdf59ffe\",\n"}
,{"stream_name":"stdout","time":13.804456281,"data":"    \"xai_compress/checkpoint.py\": \"d0890b80f5d1529409313da3d1c815dd597d2abdb3e7fd1cf41d50b4497423f1\",\n"}
,{"stream_name":"stdout","time":13.804461359,"data":"    \"xai_compress/compression.py\": \"c4565d3d8b2dd98b923894cb9f3d13aec97bdb1928f57a219b9db6abb4bfa934\",\n"}
,{"stream_name":"stdout","time":13.804466463,"data":"    \"scripts/run_v2_multi_epoch_gate.py\": \"614e395bda278afa348720a68dfd1ed7de75320019a688658386faa9115170d5\"\n"}
,{"stream_name":"stdout","time":13.804471205,"data":"  }\n"}
,{"stream_name":"stdout","time":13.804474956,"data":"}\n"}
,{"stream_name":"stdout","time":17.275344054,"data":"Obtaining file:///kaggle/working/XAI-Compress\n"}
,{"stream_name":"stdout","time":17.27798601,"data":"  Checking if build backend supports build_editable: started\n"}
,{"stream_name":"stdout","time":17.651806769,"data":"  Checking if build backend supports build_editable: finished with status 'done'\n"}
,{"stream_name":"stdout","time":17.653362574,"data":"  Preparing editable metadata (pyproject.toml): started\n"}
,{"stream_name":"stdout","time":19.176777995,"data":"  Preparing editable metadata (pyproject.toml): finished with status 'done'\n"}
,{"stream_name":"stdout","time":19.583695102,"data":"Building wheels for collected packages: xai-compress\n"}
,{"stream_name":"stdout","time":19.584925056,"data":"  Building editable for xai-compress (pyproject.toml): started\n"}
,{"stream_name":"stdout","time":20.954210966,"data":"  Building editable for xai-compress (pyproject.toml): finished with status 'done'\n"}
,{"stream_name":"stdout","time":20.955216961,"data":"  Created wheel for xai-compress: filename=xai_compress-0.2.0-0.editable-py3-none-any.whl size=3075 sha256=9ce804e2826ec241ddae02bc561e8a9455a664935b271971b75807686ba1de89\n"}
,{"stream_name":"stdout","time":20.955580611,"data":"  Stored in directory: /tmp/pip-ephem-wheel-cache-5lh5f46z/wheels/52/74/c7/42d4c5cd443fff46e807f84d414cd4f69b3c3b2f29dc804409\n"}
,{"stream_name":"stdout","time":20.959387384,"data":"Successfully built xai-compress\n"}
,{"stream_name":"stdout","time":20.959842909,"data":"Installing collected packages: xai-compress\n"}
,{"stream_name":"stdout","time":21.02554204,"data":"Successfully installed xai-compress-0.2.0\n"}
,{"stream_name":"stdout","time":26.742018998,"data":"{\"gpu\": \"Tesla T4\", \"torch\": \"2.10.0+cu128\", \"cuda\": \"12.8\", \"device_count\": 2}\n"}
,{"stream_name":"stdout","time":31.006771528,"data":"STARTING FIVE-EPOCH DIAGNOSTIC [\"/usr/bin/python3\", \"-u\", \"/kaggle/working/XAI-Compress/scripts/run_v2_multi_epoch_gate.py\", \"/kaggle/input/datasets\", \"--learning-rate\", \"0.0003\", \"--output-dir\", \"/kaggle/working/results/model_v2/lr_0_0003\"]\n"}
,{"stream_name":"stdout","time":33.403011199,"data":"CUDA available        : True\n"}
,{"stream_name":"stdout","time":33.403055749,"data":"Selected device       : cuda\n"}
,{"stream_name":"stdout","time":33.40306353,"data":"GPU name              : Tesla T4\n"}
,{"stream_name":"stdout","time":33.403071011,"data":"GPU count             : 2\n"}
,{"stream_name":"stdout","time":33.403078547,"data":"VRAM                  : 14.56 GiB\n"}
,{"stream_name":"stdout","time":33.403086044,"data":"CUDA version          : 12.8\n"}
,{"stream_name":"stdout","time":33.403093549,"data":"cuDNN version         : 91002\n"}
,{"stream_name":"stdout","time":33.403101288,"data":"PyTorch               : 2.10.0+cu128\n"}
,{"stream_name":"stdout","time":33.403109035,"data":"PyTorch CUDA support  : True\n"}
,{"stream_name":"stderr","time":186.33844712,"data":"2026-08-30 11:01:08,060 INFO deduplicated files: 6462 -\u003e 6462\n"}
,{"stream_name":"stdout","time":187.376951037,"data":"{'files_discovered': 6462, 'files_used': 6462, 'samples': 450000, 'bytes_considered': 16167622536, 'context_length': 256, 'stride': 128, 'max_bytes_per_file': 33554432, 'archives_included': False}\n"}
,{"stream_name":"stderr","time":188.583563458,"data":"2026-08-30 11:01:10,305 INFO deduplicated files: 717 -\u003e 717\n"}
,{"stream_name":"stdout","time":188.675115749,"data":"{'files_discovered': 717, 'files_used': 717, 'samples': 50000, 'bytes_considered': 1753979451, 'context_length': 256, 'stride': 128, 'max_bytes_per_file': 33554432, 'archives_included': False}\n"}
,{"stream_name":"stdout","time":3071.432015368,"data":"MULTI-EPOCH STABILITY GATE FAILED {\"status\": \"FAIL\", \"learning_rate\": 0.0003, \"exception_type\": \"RuntimeError\", \"exception\": \"Expected all tensors to be on the same device, but got tensors is on cuda:0, different from other tensors on cpu (when checking argument in method wrapper_CUDA_cat)\", \"duration_seconds\": 3038.439749111}\n"}
,{"stream_name":"stdout","time":3074.480750201,"data":"DIAGNOSTIC CANDIDATE REJECTED {\"learning_rate\": 0.0003, \"returncode\": 1, \"summary\": {\"status\": \"FAIL\", \"learning_rate\": 0.0003, \"exception_type\": \"RuntimeError\", \"exception\": \"Expected all tensors to be on the same device, but got tensors is on cuda:0, different from other tensors on cpu (when checking argument in method wrapper_CUDA_cat)\", \"duration_seconds\": 3038.439749111}}\n"}
,{"stream_name":"stdout","time":3074.480803176,"data":"INFRASTRUCTURE_OR_CODE_FAILURE; LR 0.0002 NOT STARTED\n"}
,{"stream_name":"stdout","time":3074.481708803,"data":"V2 MULTI-EPOCH SELECTION {\"status\": \"FAIL\", \"selected\": null, \"assessments\": [{\"learning_rate\": 0.0003, \"returncode\": 1, \"summary\": {\"status\": \"FAIL\", \"learning_rate\": 0.0003, \"exception_type\": \"RuntimeError\", \"exception\": \"Expected all tensors to be on the same device, but got tensors is on cuda:0, different from other tensors on cpu (when checking argument in method wrapper_CUDA_cat)\", \"duration_seconds\": 3038.439749111}}], \"production_submitted\": false}\n"}
,{"stream_name":"stdout","time":3074.481812031,"data":"ARCHITECTURE_NORMALIZATION_INVESTIGATION_REQUIRED\n"}
,{"stream_name":"stderr","time":3077.505097042,"data":"/usr/local/lib/python3.12/dist-packages/mistune.py:435: SyntaxWarning: invalid escape sequence '\\|'\n"}
,{"stream_name":"stderr","time":3077.505176097,"data":"  cells[i][c] = re.sub('\\\\\\\\\\|', '|', cell)\n"}
,{"stream_name":"stderr","time":3077.832083361,"data":"/usr/local/lib/python3.12/dist-packages/nbconvert/filters/filter_links.py:36: SyntaxWarning: invalid escape sequence '\\_'\n"}
,{"stream_name":"stderr","time":3077.83214017,"data":"  text = re.sub(r'_', '\\_', text) # Escape underscores in display text\n"}
,{"stream_name":"stderr","time":3078.58613496,"data":"[NbConvertApp] Converting notebook __script__.ipynb to html\n"}
,{"stream_name":"stderr","time":3080.12391323,"data":"[NbConvertApp] Writing 302926 bytes to __results__.html\n"}
]