[{"stream_name":"stderr","time":19.946654802,"data":"Traceback (most recent call last):\n"}
,{"stream_name":"stderr","time":19.94671282,"data":"  File \"/kaggle/src/script.py\", line 64, in \u003cmodule\u003e\n"}
,{"stream_name":"stdout","time":19.946646885,"data":"SOURCE HASH MANIFEST {\n"}
,{"stream_name":"stdout","time":19.94672548,"data":"  \"expected\": {\n"}
,{"stream_name":"stdout","time":19.946729921,"data":"    \"xai_compress/models/transformer_v2.py\": \"da3dfb52740b02287be3811abd95a3419485fe1fdee86f254ea0ccf7a70de39c\",\n"}
,{"stream_name":"stdout","time":19.946733874,"data":"    \"xai_compress/train.py\": \"972effc238921a7da49ec4372d6d9db37be1f6b425f6ead6c5e128a80d012b88\",\n"}
,{"stream_name":"stdout","time":19.94673832,"data":"    \"xai_compress/checkpoint.py\": \"d0890b80f5d1529409313da3d1c815dd597d2abdb3e7fd1cf41d50b4497423f1\",\n"}
,{"stream_name":"stdout","time":19.946742765,"data":"    \"xai_compress/compression.py\": \"c4565d3d8b2dd98b923894cb9f3d13aec97bdb1928f57a219b9db6abb4bfa934\",\n"}
,{"stream_name":"stdout","time":19.946747025,"data":"    \"scripts/run_v2_multi_epoch_gate.py\": \"a5dcb345c904fc68af5c01c431993fb44c5c3889295a52fc9a52861d61c18e37\"\n"}
,{"stream_name":"stdout","time":19.946751107,"data":"  },\n"}
,{"stream_name":"stdout","time":19.946754355,"data":"  \"actual\": {\n"}
,{"stream_name":"stdout","time":19.946757651,"data":"    \"xai_compress/models/transformer_v2.py\": \"da3dfb52740b02287be3811abd95a3419485fe1fdee86f254ea0ccf7a70de39c\",\n"}
,{"stream_name":"stdout","time":19.946761419,"data":"    \"xai_compress/train.py\": \"972effc238921a7da49ec4372d6d9db37be1f6b425f6ead6c5e128a80d012b88\",\n"}
,{"stream_name":"stdout","time":19.94676498,"data":"    \"xai_compress/checkpoint.py\": \"d0890b80f5d1529409313da3d1c815dd597d2abdb3e7fd1cf41d50b4497423f1\",\n"}
,{"stream_name":"stdout","time":19.946768625,"data":"    \"xai_compress/compression.py\": \"c4565d3d8b2dd98b923894cb9f3d13aec97bdb1928f57a219b9db6abb4bfa934\",\n"}
,{"stream_name":"stdout","time":19.946772489,"data":"    \"scripts/run_v2_multi_epoch_gate.py\": \"a5dcb345c904fc68af5c01c431993fb44c5c3889295a52fc9a52861d61c18e37\"\n"}
,{"stream_name":"stdout","time":19.946779885,"data":"  }\n"}
,{"stream_name":"stdout","time":19.946782155,"data":"}\n"}
,{"stream_name":"stderr","time":19.946800414,"data":"    raise RuntimeError(\"SOURCE_SNAPSHOT_MISMATCH\")\n"}
,{"stream_name":"stderr","time":19.946816972,"data":"RuntimeError: SOURCE_SNAPSHOT_MISMATCH\n"}
,{"stream_name":"stderr","time":22.341658284,"data":"/usr/local/lib/python3.12/dist-packages/mistune.py:435: SyntaxWarning: invalid escape sequence '\\|'\n"}
,{"stream_name":"stderr","time":22.341690449,"data":"  cells[i][c] = re.sub('\\\\\\\\\\|', '|', cell)\n"}
,{"stream_name":"stderr","time":22.704826189,"data":"/usr/local/lib/python3.12/dist-packages/nbconvert/filters/filter_links.py:36: SyntaxWarning: invalid escape sequence '\\_'\n"}
,{"stream_name":"stderr","time":22.704853088,"data":"  text = re.sub(r'_', '\\_', text) # Escape underscores in display text\n"}
,{"stream_name":"stderr","time":24.33110955,"data":"[NbConvertApp] Converting notebook __script__.ipynb to html\n"}
,{"stream_name":"stderr","time":25.654876561000002,"data":"[NbConvertApp] Writing 301281 bytes to __results__.html\n"}
]